ls: não foi possível acessar '/var/run/apache2/apache2.pid': Arquivo ou diretório inexistente
O processo não está ativo
Iniciando processo
Failed to start apache2.service: Interactive authentication required.
See system logs and 'systemctl status apache2.service' for details.
 O processo está ativo
ls: não foi possível acessar '/var/run/apache2/apache2.pid': Arquivo ou diretório inexistente
O processo não está ativo
Iniciando processo
Failed to start apache2.service: Interactive authentication required.
See system logs and 'systemctl status apache2.service' for details.
 O processo está ativo
ls: não foi possível acessar '/var/run/apache2/apache2.pid': Arquivo ou diretório inexistente
O processo não está ativo
Iniciando processo
Failed to start apache2.service: Interactive authentication required.
See system logs and 'systemctl status apache2.service' for details.
 O processo está ativo
ls: não foi possível acessar '/var/run/apache2/apache2.pid': Arquivo ou diretório inexistente
O processo não está ativo
Iniciando processo
ls: não foi possível acessar '/var/run/apache2/apache2.pid': Arquivo ou diretório inexistente
O processo não está ativo
Iniciando processo
Failed to start apache2.service: Interactive authentication required.
See system logs and 'systemctl status apache2.service' for details.
 O processo está ativo
 O processo está ativo
/var/run/apache2/apache2.pid
 O processo esta ativo
/var/run/apache2/apache2.pid
 O processo esta ativo
/var/run/apache2/apache2.pid
 O processo esta ativo
/var/run/apache2/apache2.pid
 O processo esta ativo
/var/run/apache2/apache2.pid
 O processo esta ativo
/var/run/apache2/apache2.pid
 O processo esta ativo
/var/run/apache2/apache2.pid
 O processo esta ativo
/var/run/apache2/apache2.pid
 O processo esta ativo
/var/run/apache2/apache2.pid
 O processo esta ativo
/var/run/apache2/apache2.pid
 O processo esta ativo
/var/run/apache2/apache2.pid
 O processo esta ativo
/var/run/apache2/apache2.pid
 O processo esta ativo
ls: não foi possível acessar '/var/run/apache2/apache2.pid': Arquivo ou diretório inexistente
O processo não está ativo
Iniciando processo
ls: não foi possível acessar '/var/run/apache2/apache2.pid': Arquivo ou diretório inexistente
O processo não está ativo
Iniciando processo
Failed to start apache2.service: Interactive authentication required.
See system logs and 'systemctl status apache2.service' for details.
 O processo está ativo
 O processo está ativo
/var/run/apache2/apache2.pid
 O processo esta ativo
/var/run/apache2/apache2.pid
 O processo esta ativo
/var/run/apache2/apache2.pid
 O processo esta ativo
/var/run/apache2/apache2.pid
 O processo esta ativo
/var/run/apache2/apache2.pid
 O processo esta ativo
/var/run/apache2/apache2.pid
 O processo esta ativo
/var/run/apache2/apache2.pid
 O processo esta ativo
/var/run/apache2/apache2.pid
 O processo esta ativo
/var/run/apache2/apache2.pid
 O processo esta ativo
/var/run/apache2/apache2.pid
 O processo esta ativo
/var/run/apache2/apache2.pid
 O processo esta ativo
/var/run/apache2/apache2.pid
 O processo esta ativo
/var/run/apache2/apache2.pid
 O processo esta ativo
/var/run/apache2/apache2.pid
 O processo esta ativo
/var/run/apache2/apache2.pid
 O processo esta ativo
/var/run/apache2/apache2.pid
 O processo esta ativo
/var/run/apache2/apache2.pid
 O processo esta ativo
/var/run/apache2/apache2.pid
 O processo esta ativo
/var/run/apache2/apache2.pid
 O processo esta ativo
/var/run/apache2/apache2.pid
 O processo esta ativo
